com\mycompany\studentdatabasemanagement\home.class
com\mycompany\studentdatabasemanagement\home$14.class
com\mycompany\studentdatabasemanagement\pro$1.class
com\mycompany\studentdatabasemanagement\home$3.class
com\mycompany\studentdatabasemanagement\home$8.class
com\mycompany\studentdatabasemanagement\home$1.class
com\mycompany\studentdatabasemanagement\home$12.class
com\mycompany\studentdatabasemanagement\home$4.class
com\mycompany\studentdatabasemanagement\Studentdatabasemanagement.class
com\mycompany\studentdatabasemanagement\home$9.class
com\mycompany\studentdatabasemanagement\home$13.class
com\mycompany\studentdatabasemanagement\home$10.class
com\mycompany\studentdatabasemanagement\home$5.class
com\mycompany\studentdatabasemanagement\home$6.class
com\mycompany\studentdatabasemanagement\home$7.class
com\mycompany\studentdatabasemanagement\home$15.class
com\mycompany\studentdatabasemanagement\pro.class
com\mycompany\studentdatabasemanagement\home$11.class
com\mycompany\studentdatabasemanagement\home$2.class
